// Jest Snapshot v1, https://goo.gl/fbAQLP

exports[`\`Header\` renders without exploding 1`] = `
ShallowWrapper {
  "length": 1,
  Symbol(enzyme.__root__): [Circular],
  Symbol(enzyme.__unrendered__): <Header />,
  Symbol(enzyme.__renderer__): Object {
    "batchedUpdates": [Function],
    "getNode": [Function],
    "render": [Function],
    "simulateEvent": [Function],
    "unmount": [Function],
  },
  Symbol(enzyme.__node__): Object {
    "instance": null,
    "key": undefined,
    "nodeType": "host",
    "props": Object {
      "children": <div
        className="ees-heading pure-menu pure-menu-horizontal"
>
        <a
                className="ees-logo pure-menu-heading"
        >
                EES Data Logger
        </a>
</div>,
      "className": "header",
    },
    "ref": null,
    "rendered": Object {
      "instance": null,
      "key": undefined,
      "nodeType": "host",
      "props": Object {
        "children": <a
          className="ees-logo pure-menu-heading"
>
          EES Data Logger
</a>,
        "className": "ees-heading pure-menu pure-menu-horizontal",
      },
      "ref": null,
      "rendered": Object {
        "instance": null,
        "key": undefined,
        "nodeType": "host",
        "props": Object {
          "children": "EES Data Logger",
          "className": "ees-logo pure-menu-heading",
        },
        "ref": null,
        "rendered": "EES Data Logger",
        "type": "a",
      },
      "type": "div",
    },
    "type": "div",
  },
  Symbol(enzyme.__nodes__): Array [
    Object {
      "instance": null,
      "key": undefined,
      "nodeType": "host",
      "props": Object {
        "children": <div
          className="ees-heading pure-menu pure-menu-horizontal"
>
          <a
                    className="ees-logo pure-menu-heading"
          >
                    EES Data Logger
          </a>
</div>,
        "className": "header",
      },
      "ref": null,
      "rendered": Object {
        "instance": null,
        "key": undefined,
        "nodeType": "host",
        "props": Object {
          "children": <a
            className="ees-logo pure-menu-heading"
>
            EES Data Logger
</a>,
          "className": "ees-heading pure-menu pure-menu-horizontal",
        },
        "ref": null,
        "rendered": Object {
          "instance": null,
          "key": undefined,
          "nodeType": "host",
          "props": Object {
            "children": "EES Data Logger",
            "className": "ees-logo pure-menu-heading",
          },
          "ref": null,
          "rendered": "EES Data Logger",
          "type": "a",
        },
        "type": "div",
      },
      "type": "div",
    },
  ],
  Symbol(enzyme.__options__): Object {
    "adapter": ReactSixteenAdapter {
      "options": Object {
        "enableComponentDidUpdateOnSetState": true,
      },
    },
  },
}
`;
