// Jest Snapshot v1, https://goo.gl/fbAQLP

exports[`Feature/GraphBlock renders without exploding 1`] = `
ShallowWrapper {
  "length": 1,
  Symbol(enzyme.__root__): [Circular],
  Symbol(enzyme.__unrendered__): <GraphBlock
    BlockID="block0"
    data={
        Object {
            "type": "test sensor",
          }
    }
/>,
  Symbol(enzyme.__renderer__): Object {
    "batchedUpdates": [Function],
    "getNode": [Function],
    "render": [Function],
    "simulateEvent": [Function],
    "unmount": [Function],
  },
  Symbol(enzyme.__node__): Object {
    "instance": null,
    "key": undefined,
    "nodeType": "host",
    "props": Object {
      "children": Array [
        <h5>
          test sensor
</h5>,
        <div
          className="pure-g"
>
          <div
                    className="pure-u-1-1"
          >
                    <Graph
                              chartID="gauge-block0"
                              chartOpts={
                                        Object {
                                                  "color": Object {
                                                    "pattern": Array [
                                                      "#50bcef",
                                                      "#F6C600",
                                                      "#4eac5b",
                                                      "#FF0000",
                                                    ],
                                                    "threshold": Object {
                                                      "values": Array [
                                                        30,
                                                        70,
                                                        78,
                                                        100,
                                                      ],
                                                    },
                                                  },
                                                  "gauge": Object {
                                                    "label": Object {
                                                      "format": [Function],
                                                    },
                                                  },
                                                }
                              }
                    />
          </div>
</div>,
      ],
      "className": "GraphBody",
    },
    "ref": null,
    "rendered": Array [
      Object {
        "instance": null,
        "key": undefined,
        "nodeType": "host",
        "props": Object {
          "children": "test sensor",
        },
        "ref": null,
        "rendered": "test sensor",
        "type": "h5",
      },
      Object {
        "instance": null,
        "key": undefined,
        "nodeType": "host",
        "props": Object {
          "children": <div
            className="pure-u-1-1"
>
            <Graph
                        chartID="gauge-block0"
                        chartOpts={
                                    Object {
                                                "color": Object {
                                                  "pattern": Array [
                                                    "#50bcef",
                                                    "#F6C600",
                                                    "#4eac5b",
                                                    "#FF0000",
                                                  ],
                                                  "threshold": Object {
                                                    "values": Array [
                                                      30,
                                                      70,
                                                      78,
                                                      100,
                                                    ],
                                                  },
                                                },
                                                "gauge": Object {
                                                  "label": Object {
                                                    "format": [Function],
                                                  },
                                                },
                                              }
                        }
            />
</div>,
          "className": "pure-g",
        },
        "ref": null,
        "rendered": Object {
          "instance": null,
          "key": undefined,
          "nodeType": "host",
          "props": Object {
            "children": <Graph
              chartID="gauge-block0"
              chartOpts={
                            Object {
                                          "color": Object {
                                            "pattern": Array [
                                              "#50bcef",
                                              "#F6C600",
                                              "#4eac5b",
                                              "#FF0000",
                                            ],
                                            "threshold": Object {
                                              "values": Array [
                                                30,
                                                70,
                                                78,
                                                100,
                                              ],
                                            },
                                          },
                                          "gauge": Object {
                                            "label": Object {
                                              "format": [Function],
                                            },
                                          },
                                        }
              }
/>,
            "className": "pure-u-1-1",
          },
          "ref": null,
          "rendered": Object {
            "instance": null,
            "key": undefined,
            "nodeType": "class",
            "props": Object {
              "chartID": "gauge-block0",
              "chartOpts": Object {
                "color": Object {
                  "pattern": Array [
                    "#50bcef",
                    "#F6C600",
                    "#4eac5b",
                    "#FF0000",
                  ],
                  "threshold": Object {
                    "values": Array [
                      30,
                      70,
                      78,
                      100,
                    ],
                  },
                },
                "gauge": Object {
                  "label": Object {
                    "format": [Function],
                  },
                },
              },
            },
            "ref": null,
            "rendered": null,
            "type": [Function],
          },
          "type": "div",
        },
        "type": "div",
      },
    ],
    "type": "div",
  },
  Symbol(enzyme.__nodes__): Array [
    Object {
      "instance": null,
      "key": undefined,
      "nodeType": "host",
      "props": Object {
        "children": Array [
          <h5>
            test sensor
</h5>,
          <div
            className="pure-g"
>
            <div
                        className="pure-u-1-1"
            >
                        <Graph
                                    chartID="gauge-block0"
                                    chartOpts={
                                                Object {
                                                            "color": Object {
                                                              "pattern": Array [
                                                                "#50bcef",
                                                                "#F6C600",
                                                                "#4eac5b",
                                                                "#FF0000",
                                                              ],
                                                              "threshold": Object {
                                                                "values": Array [
                                                                  30,
                                                                  70,
                                                                  78,
                                                                  100,
                                                                ],
                                                              },
                                                            },
                                                            "gauge": Object {
                                                              "label": Object {
                                                                "format": [Function],
                                                              },
                                                            },
                                                          }
                                    }
                        />
            </div>
</div>,
        ],
        "className": "GraphBody",
      },
      "ref": null,
      "rendered": Array [
        Object {
          "instance": null,
          "key": undefined,
          "nodeType": "host",
          "props": Object {
            "children": "test sensor",
          },
          "ref": null,
          "rendered": "test sensor",
          "type": "h5",
        },
        Object {
          "instance": null,
          "key": undefined,
          "nodeType": "host",
          "props": Object {
            "children": <div
              className="pure-u-1-1"
>
              <Graph
                            chartID="gauge-block0"
                            chartOpts={
                                          Object {
                                                        "color": Object {
                                                          "pattern": Array [
                                                            "#50bcef",
                                                            "#F6C600",
                                                            "#4eac5b",
                                                            "#FF0000",
                                                          ],
                                                          "threshold": Object {
                                                            "values": Array [
                                                              30,
                                                              70,
                                                              78,
                                                              100,
                                                            ],
                                                          },
                                                        },
                                                        "gauge": Object {
                                                          "label": Object {
                                                            "format": [Function],
                                                          },
                                                        },
                                                      }
                            }
              />
</div>,
            "className": "pure-g",
          },
          "ref": null,
          "rendered": Object {
            "instance": null,
            "key": undefined,
            "nodeType": "host",
            "props": Object {
              "children": <Graph
                chartID="gauge-block0"
                chartOpts={
                                Object {
                                                "color": Object {
                                                  "pattern": Array [
                                                    "#50bcef",
                                                    "#F6C600",
                                                    "#4eac5b",
                                                    "#FF0000",
                                                  ],
                                                  "threshold": Object {
                                                    "values": Array [
                                                      30,
                                                      70,
                                                      78,
                                                      100,
                                                    ],
                                                  },
                                                },
                                                "gauge": Object {
                                                  "label": Object {
                                                    "format": [Function],
                                                  },
                                                },
                                              }
                }
/>,
              "className": "pure-u-1-1",
            },
            "ref": null,
            "rendered": Object {
              "instance": null,
              "key": undefined,
              "nodeType": "class",
              "props": Object {
                "chartID": "gauge-block0",
                "chartOpts": Object {
                  "color": Object {
                    "pattern": Array [
                      "#50bcef",
                      "#F6C600",
                      "#4eac5b",
                      "#FF0000",
                    ],
                    "threshold": Object {
                      "values": Array [
                        30,
                        70,
                        78,
                        100,
                      ],
                    },
                  },
                  "gauge": Object {
                    "label": Object {
                      "format": [Function],
                    },
                  },
                },
              },
              "ref": null,
              "rendered": null,
              "type": [Function],
            },
            "type": "div",
          },
          "type": "div",
        },
      ],
      "type": "div",
    },
  ],
  Symbol(enzyme.__options__): Object {
    "adapter": ReactSixteenAdapter {
      "options": Object {
        "enableComponentDidUpdateOnSetState": true,
      },
    },
  },
}
`;
