// Jest Snapshot v1, https://goo.gl/fbAQLP

exports[`GagugeBlock NO Data Content should match snapshot 1`] = `
ShallowWrapper {
  Symbol(enzyme.__root__): [Circular],
  Symbol(enzyme.__unrendered__): <GaugeBlockArrayNoDataContent />,
  Symbol(enzyme.__renderer__): Object {
    "batchedUpdates": [Function],
    "getNode": [Function],
    "render": [Function],
    "simulateError": [Function],
    "simulateEvent": [Function],
    "unmount": [Function],
  },
  Symbol(enzyme.__node__): Object {
    "instance": null,
    "key": undefined,
    "nodeType": "function",
    "props": Object {
      "children": Array [
        <ForwardRef
          height="250px"
          width="25%"
        />,
        <ForwardRef
          height="250px"
          width="25%"
        />,
        <ForwardRef
          height="250px"
          width="25%"
        />,
        <ForwardRef
          height="250px"
          width="25%"
        />,
        <ForwardRef
          height="250px"
          width="25%"
        />,
        <ForwardRef
          height="250px"
          width="25%"
        />,
        <ForwardRef
          height="250px"
          width="25%"
        />,
      ],
    },
    "ref": null,
    "rendered": Array [
      Object {
        "instance": null,
        "key": undefined,
        "nodeType": "function",
        "props": Object {
          "height": "250px",
          "width": "25%",
        },
        "ref": null,
        "rendered": null,
        "type": Object {
          "$$typeof": Symbol(react.forward_ref),
          "attrs": undefined,
          "componentStyle": ComponentStyle {
            "componentId": "PlainBox-sc-10nrb46-0",
            "isStatic": false,
            "rules": Array [
              [Function],
              " ",
              [Function],
              " min-width:",
              [Function],
              ";background-color:#c0c0c0;display:inline-block;",
            ],
          },
          "displayName": "PlainBox",
          "render": [Function],
          "styledComponentId": "PlainBox-sc-10nrb46-0",
          "target": "div",
          "toString": [Function],
          "warnTooManyClasses": [Function],
          "withComponent": [Function],
        },
      },
      Object {
        "instance": null,
        "key": undefined,
        "nodeType": "function",
        "props": Object {
          "height": "250px",
          "width": "25%",
        },
        "ref": null,
        "rendered": null,
        "type": Object {
          "$$typeof": Symbol(react.forward_ref),
          "attrs": undefined,
          "componentStyle": ComponentStyle {
            "componentId": "PlainBox-sc-10nrb46-0",
            "isStatic": false,
            "rules": Array [
              [Function],
              " ",
              [Function],
              " min-width:",
              [Function],
              ";background-color:#c0c0c0;display:inline-block;",
            ],
          },
          "displayName": "PlainBox",
          "render": [Function],
          "styledComponentId": "PlainBox-sc-10nrb46-0",
          "target": "div",
          "toString": [Function],
          "warnTooManyClasses": [Function],
          "withComponent": [Function],
        },
      },
      Object {
        "instance": null,
        "key": undefined,
        "nodeType": "function",
        "props": Object {
          "height": "250px",
          "width": "25%",
        },
        "ref": null,
        "rendered": null,
        "type": Object {
          "$$typeof": Symbol(react.forward_ref),
          "attrs": undefined,
          "componentStyle": ComponentStyle {
            "componentId": "PlainBox-sc-10nrb46-0",
            "isStatic": false,
            "rules": Array [
              [Function],
              " ",
              [Function],
              " min-width:",
              [Function],
              ";background-color:#c0c0c0;display:inline-block;",
            ],
          },
          "displayName": "PlainBox",
          "render": [Function],
          "styledComponentId": "PlainBox-sc-10nrb46-0",
          "target": "div",
          "toString": [Function],
          "warnTooManyClasses": [Function],
          "withComponent": [Function],
        },
      },
      Object {
        "instance": null,
        "key": undefined,
        "nodeType": "function",
        "props": Object {
          "height": "250px",
          "width": "25%",
        },
        "ref": null,
        "rendered": null,
        "type": Object {
          "$$typeof": Symbol(react.forward_ref),
          "attrs": undefined,
          "componentStyle": ComponentStyle {
            "componentId": "PlainBox-sc-10nrb46-0",
            "isStatic": false,
            "rules": Array [
              [Function],
              " ",
              [Function],
              " min-width:",
              [Function],
              ";background-color:#c0c0c0;display:inline-block;",
            ],
          },
          "displayName": "PlainBox",
          "render": [Function],
          "styledComponentId": "PlainBox-sc-10nrb46-0",
          "target": "div",
          "toString": [Function],
          "warnTooManyClasses": [Function],
          "withComponent": [Function],
        },
      },
      Object {
        "instance": null,
        "key": undefined,
        "nodeType": "function",
        "props": Object {
          "height": "250px",
          "width": "25%",
        },
        "ref": null,
        "rendered": null,
        "type": Object {
          "$$typeof": Symbol(react.forward_ref),
          "attrs": undefined,
          "componentStyle": ComponentStyle {
            "componentId": "PlainBox-sc-10nrb46-0",
            "isStatic": false,
            "rules": Array [
              [Function],
              " ",
              [Function],
              " min-width:",
              [Function],
              ";background-color:#c0c0c0;display:inline-block;",
            ],
          },
          "displayName": "PlainBox",
          "render": [Function],
          "styledComponentId": "PlainBox-sc-10nrb46-0",
          "target": "div",
          "toString": [Function],
          "warnTooManyClasses": [Function],
          "withComponent": [Function],
        },
      },
      Object {
        "instance": null,
        "key": undefined,
        "nodeType": "function",
        "props": Object {
          "height": "250px",
          "width": "25%",
        },
        "ref": null,
        "rendered": null,
        "type": Object {
          "$$typeof": Symbol(react.forward_ref),
          "attrs": undefined,
          "componentStyle": ComponentStyle {
            "componentId": "PlainBox-sc-10nrb46-0",
            "isStatic": false,
            "rules": Array [
              [Function],
              " ",
              [Function],
              " min-width:",
              [Function],
              ";background-color:#c0c0c0;display:inline-block;",
            ],
          },
          "displayName": "PlainBox",
          "render": [Function],
          "styledComponentId": "PlainBox-sc-10nrb46-0",
          "target": "div",
          "toString": [Function],
          "warnTooManyClasses": [Function],
          "withComponent": [Function],
        },
      },
      Object {
        "instance": null,
        "key": undefined,
        "nodeType": "function",
        "props": Object {
          "height": "250px",
          "width": "25%",
        },
        "ref": null,
        "rendered": null,
        "type": Object {
          "$$typeof": Symbol(react.forward_ref),
          "attrs": undefined,
          "componentStyle": ComponentStyle {
            "componentId": "PlainBox-sc-10nrb46-0",
            "isStatic": false,
            "rules": Array [
              [Function],
              " ",
              [Function],
              " min-width:",
              [Function],
              ";background-color:#c0c0c0;display:inline-block;",
            ],
          },
          "displayName": "PlainBox",
          "render": [Function],
          "styledComponentId": "PlainBox-sc-10nrb46-0",
          "target": "div",
          "toString": [Function],
          "warnTooManyClasses": [Function],
          "withComponent": [Function],
        },
      },
    ],
    "type": Object {
      "$$typeof": Symbol(react.forward_ref),
      "attrs": undefined,
      "componentStyle": ComponentStyle {
        "componentId": "CenteredContent-ys47ff-0",
        "isStatic": true,
        "rules": Array [
          "text-align:center;",
        ],
      },
      "displayName": "CenteredContent",
      "render": [Function],
      "styledComponentId": "CenteredContent-ys47ff-0",
      "target": "div",
      "toString": [Function],
      "warnTooManyClasses": [Function],
      "withComponent": [Function],
    },
  },
  Symbol(enzyme.__nodes__): Array [
    Object {
      "instance": null,
      "key": undefined,
      "nodeType": "function",
      "props": Object {
        "children": Array [
          <ForwardRef
            height="250px"
            width="25%"
          />,
          <ForwardRef
            height="250px"
            width="25%"
          />,
          <ForwardRef
            height="250px"
            width="25%"
          />,
          <ForwardRef
            height="250px"
            width="25%"
          />,
          <ForwardRef
            height="250px"
            width="25%"
          />,
          <ForwardRef
            height="250px"
            width="25%"
          />,
          <ForwardRef
            height="250px"
            width="25%"
          />,
        ],
      },
      "ref": null,
      "rendered": Array [
        Object {
          "instance": null,
          "key": undefined,
          "nodeType": "function",
          "props": Object {
            "height": "250px",
            "width": "25%",
          },
          "ref": null,
          "rendered": null,
          "type": Object {
            "$$typeof": Symbol(react.forward_ref),
            "attrs": undefined,
            "componentStyle": ComponentStyle {
              "componentId": "PlainBox-sc-10nrb46-0",
              "isStatic": false,
              "rules": Array [
                [Function],
                " ",
                [Function],
                " min-width:",
                [Function],
                ";background-color:#c0c0c0;display:inline-block;",
              ],
            },
            "displayName": "PlainBox",
            "render": [Function],
            "styledComponentId": "PlainBox-sc-10nrb46-0",
            "target": "div",
            "toString": [Function],
            "warnTooManyClasses": [Function],
            "withComponent": [Function],
          },
        },
        Object {
          "instance": null,
          "key": undefined,
          "nodeType": "function",
          "props": Object {
            "height": "250px",
            "width": "25%",
          },
          "ref": null,
          "rendered": null,
          "type": Object {
            "$$typeof": Symbol(react.forward_ref),
            "attrs": undefined,
            "componentStyle": ComponentStyle {
              "componentId": "PlainBox-sc-10nrb46-0",
              "isStatic": false,
              "rules": Array [
                [Function],
                " ",
                [Function],
                " min-width:",
                [Function],
                ";background-color:#c0c0c0;display:inline-block;",
              ],
            },
            "displayName": "PlainBox",
            "render": [Function],
            "styledComponentId": "PlainBox-sc-10nrb46-0",
            "target": "div",
            "toString": [Function],
            "warnTooManyClasses": [Function],
            "withComponent": [Function],
          },
        },
        Object {
          "instance": null,
          "key": undefined,
          "nodeType": "function",
          "props": Object {
            "height": "250px",
            "width": "25%",
          },
          "ref": null,
          "rendered": null,
          "type": Object {
            "$$typeof": Symbol(react.forward_ref),
            "attrs": undefined,
            "componentStyle": ComponentStyle {
              "componentId": "PlainBox-sc-10nrb46-0",
              "isStatic": false,
              "rules": Array [
                [Function],
                " ",
                [Function],
                " min-width:",
                [Function],
                ";background-color:#c0c0c0;display:inline-block;",
              ],
            },
            "displayName": "PlainBox",
            "render": [Function],
            "styledComponentId": "PlainBox-sc-10nrb46-0",
            "target": "div",
            "toString": [Function],
            "warnTooManyClasses": [Function],
            "withComponent": [Function],
          },
        },
        Object {
          "instance": null,
          "key": undefined,
          "nodeType": "function",
          "props": Object {
            "height": "250px",
            "width": "25%",
          },
          "ref": null,
          "rendered": null,
          "type": Object {
            "$$typeof": Symbol(react.forward_ref),
            "attrs": undefined,
            "componentStyle": ComponentStyle {
              "componentId": "PlainBox-sc-10nrb46-0",
              "isStatic": false,
              "rules": Array [
                [Function],
                " ",
                [Function],
                " min-width:",
                [Function],
                ";background-color:#c0c0c0;display:inline-block;",
              ],
            },
            "displayName": "PlainBox",
            "render": [Function],
            "styledComponentId": "PlainBox-sc-10nrb46-0",
            "target": "div",
            "toString": [Function],
            "warnTooManyClasses": [Function],
            "withComponent": [Function],
          },
        },
        Object {
          "instance": null,
          "key": undefined,
          "nodeType": "function",
          "props": Object {
            "height": "250px",
            "width": "25%",
          },
          "ref": null,
          "rendered": null,
          "type": Object {
            "$$typeof": Symbol(react.forward_ref),
            "attrs": undefined,
            "componentStyle": ComponentStyle {
              "componentId": "PlainBox-sc-10nrb46-0",
              "isStatic": false,
              "rules": Array [
                [Function],
                " ",
                [Function],
                " min-width:",
                [Function],
                ";background-color:#c0c0c0;display:inline-block;",
              ],
            },
            "displayName": "PlainBox",
            "render": [Function],
            "styledComponentId": "PlainBox-sc-10nrb46-0",
            "target": "div",
            "toString": [Function],
            "warnTooManyClasses": [Function],
            "withComponent": [Function],
          },
        },
        Object {
          "instance": null,
          "key": undefined,
          "nodeType": "function",
          "props": Object {
            "height": "250px",
            "width": "25%",
          },
          "ref": null,
          "rendered": null,
          "type": Object {
            "$$typeof": Symbol(react.forward_ref),
            "attrs": undefined,
            "componentStyle": ComponentStyle {
              "componentId": "PlainBox-sc-10nrb46-0",
              "isStatic": false,
              "rules": Array [
                [Function],
                " ",
                [Function],
                " min-width:",
                [Function],
                ";background-color:#c0c0c0;display:inline-block;",
              ],
            },
            "displayName": "PlainBox",
            "render": [Function],
            "styledComponentId": "PlainBox-sc-10nrb46-0",
            "target": "div",
            "toString": [Function],
            "warnTooManyClasses": [Function],
            "withComponent": [Function],
          },
        },
        Object {
          "instance": null,
          "key": undefined,
          "nodeType": "function",
          "props": Object {
            "height": "250px",
            "width": "25%",
          },
          "ref": null,
          "rendered": null,
          "type": Object {
            "$$typeof": Symbol(react.forward_ref),
            "attrs": undefined,
            "componentStyle": ComponentStyle {
              "componentId": "PlainBox-sc-10nrb46-0",
              "isStatic": false,
              "rules": Array [
                [Function],
                " ",
                [Function],
                " min-width:",
                [Function],
                ";background-color:#c0c0c0;display:inline-block;",
              ],
            },
            "displayName": "PlainBox",
            "render": [Function],
            "styledComponentId": "PlainBox-sc-10nrb46-0",
            "target": "div",
            "toString": [Function],
            "warnTooManyClasses": [Function],
            "withComponent": [Function],
          },
        },
      ],
      "type": Object {
        "$$typeof": Symbol(react.forward_ref),
        "attrs": undefined,
        "componentStyle": ComponentStyle {
          "componentId": "CenteredContent-ys47ff-0",
          "isStatic": true,
          "rules": Array [
            "text-align:center;",
          ],
        },
        "displayName": "CenteredContent",
        "render": [Function],
        "styledComponentId": "CenteredContent-ys47ff-0",
        "target": "div",
        "toString": [Function],
        "warnTooManyClasses": [Function],
        "withComponent": [Function],
      },
    },
  ],
  Symbol(enzyme.__options__): Object {
    "adapter": ReactSixteenAdapter {
      "options": Object {
        "enableComponentDidUpdateOnSetState": true,
        "lifecycles": Object {
          "componentDidUpdate": Object {
            "onSetState": true,
          },
          "getDerivedStateFromProps": true,
          "getSnapshotBeforeUpdate": true,
          "setState": Object {
            "skipsComponentDidUpdateOnNullish": true,
          },
        },
      },
    },
  },
}
`;
