// Jest Snapshot v1, https://goo.gl/fbAQLP

exports[`PointGaugeBlock component shallow mounted version Should match snapshot 1`] = `
ShallowWrapper {
  Symbol(enzyme.__root__): [Circular],
  Symbol(enzyme.__unrendered__): <BasePointGaugeBlock
    point={
      Object {
        "multiselected": false,
        "name": "test",
        "settings": Object {
          "units": "T",
        },
        "value": 0,
      }
    }
  />,
  Symbol(enzyme.__renderer__): Object {
    "batchedUpdates": [Function],
    "getNode": [Function],
    "render": [Function],
    "simulateError": [Function],
    "simulateEvent": [Function],
    "unmount": [Function],
  },
  Symbol(enzyme.__node__): Object {
    "instance": null,
    "key": undefined,
    "nodeType": "function",
    "props": Object {
      "height": "10vh",
      "label": "test",
      "multiSelected": false,
      "onChartClick": [Function],
      "onSettingsClick": [Function],
      "panelWidth": "20%",
      "units": "T",
      "value": 0,
    },
    "ref": null,
    "rendered": null,
    "type": [Function],
  },
  Symbol(enzyme.__nodes__): Array [
    Object {
      "instance": null,
      "key": undefined,
      "nodeType": "function",
      "props": Object {
        "height": "10vh",
        "label": "test",
        "multiSelected": false,
        "onChartClick": [Function],
        "onSettingsClick": [Function],
        "panelWidth": "20%",
        "units": "T",
        "value": 0,
      },
      "ref": null,
      "rendered": null,
      "type": [Function],
    },
  ],
  Symbol(enzyme.__options__): Object {
    "adapter": ReactSixteenAdapter {
      "options": Object {
        "enableComponentDidUpdateOnSetState": true,
        "lifecycles": Object {
          "componentDidUpdate": Object {
            "onSetState": true,
          },
          "getDerivedStateFromProps": true,
          "getSnapshotBeforeUpdate": true,
          "setState": Object {
            "skipsComponentDidUpdateOnNullish": true,
          },
        },
      },
    },
  },
}
`;
