// Jest Snapshot v1, https://goo.gl/fbAQLP

exports[`DashBoard Page Should match snapshot 1`] = `
ShallowWrapper {
  Symbol(enzyme.__root__): [Circular],
  Symbol(enzyme.__unrendered__): <DashBoard />,
  Symbol(enzyme.__renderer__): Object {
    "batchedUpdates": [Function],
    "getNode": [Function],
    "render": [Function],
    "simulateError": [Function],
    "simulateEvent": [Function],
    "unmount": [Function],
  },
  Symbol(enzyme.__node__): Object {
    "instance": null,
    "key": undefined,
    "nodeType": "class",
    "props": Object {
      "Body": Object {
        "$$typeof": Symbol(react.forward_ref),
        "attrs": undefined,
        "componentStyle": ComponentStyle {
          "componentId": "sc-kkGfuU",
          "isStatic": false,
          "rules": Array [
            "
  margin-left: ",
            [Function],
            ";
  min-height: 10px;
",
          ],
        },
        "displayName": "styled.div",
        "render": [Function],
        "styledComponentId": "sc-kkGfuU",
        "target": "div",
        "warnTooManyClasses": [Function],
        "withComponent": [Function],
      },
      "SideBar": Object {
        "$$typeof": Symbol(react.forward_ref),
        "attrs": undefined,
        "componentStyle": ComponentStyle {
          "componentId": "sc-kEYyzF",
          "isStatic": true,
          "rules": Array [
            "
  position: fixed;
  z-index: ",
            "1",
            ";
  background-color: ",
            "#b2bec3",
            ";
  height: 100vh;
  width: 300px;
  left: 0px;
",
          ],
        },
        "displayName": "Styled(styled.div)",
        "render": [Function],
        "styledComponentId": "sc-kEYyzF",
        "target": "div",
        "warnTooManyClasses": [Function],
        "withComponent": [Function],
      },
    },
    "ref": null,
    "rendered": null,
    "type": [Function],
  },
  Symbol(enzyme.__nodes__): Array [
    Object {
      "instance": null,
      "key": undefined,
      "nodeType": "class",
      "props": Object {
        "Body": Object {
          "$$typeof": Symbol(react.forward_ref),
          "attrs": undefined,
          "componentStyle": ComponentStyle {
            "componentId": "sc-kkGfuU",
            "isStatic": false,
            "rules": Array [
              "
  margin-left: ",
              [Function],
              ";
  min-height: 10px;
",
            ],
          },
          "displayName": "styled.div",
          "render": [Function],
          "styledComponentId": "sc-kkGfuU",
          "target": "div",
          "warnTooManyClasses": [Function],
          "withComponent": [Function],
        },
        "SideBar": Object {
          "$$typeof": Symbol(react.forward_ref),
          "attrs": undefined,
          "componentStyle": ComponentStyle {
            "componentId": "sc-kEYyzF",
            "isStatic": true,
            "rules": Array [
              "
  position: fixed;
  z-index: ",
              "1",
              ";
  background-color: ",
              "#b2bec3",
              ";
  height: 100vh;
  width: 300px;
  left: 0px;
",
            ],
          },
          "displayName": "Styled(styled.div)",
          "render": [Function],
          "styledComponentId": "sc-kEYyzF",
          "target": "div",
          "warnTooManyClasses": [Function],
          "withComponent": [Function],
        },
      },
      "ref": null,
      "rendered": null,
      "type": [Function],
    },
  ],
  Symbol(enzyme.__options__): Object {
    "adapter": ReactSixteenAdapter {
      "options": Object {
        "enableComponentDidUpdateOnSetState": true,
        "lifecycles": Object {
          "componentDidUpdate": Object {
            "onSetState": true,
          },
          "getDerivedStateFromProps": true,
          "getSnapshotBeforeUpdate": true,
          "setState": Object {
            "skipsComponentDidUpdateOnNullish": true,
          },
        },
      },
    },
  },
}
`;
