// Jest Snapshot v1, https://goo.gl/fbAQLP

exports[`BaseHistoricalGraphModal component Empty Hidden Chart Component Should match snapshot 1`] = `
ShallowWrapper {
  Symbol(enzyme.__root__): [Circular],
  Symbol(enzyme.__unrendered__): <BaseHistoricalGraphModal
    chartPoints={Object {}}
    closeHistoryModal={[MockFunction]}
    dispatchNewHistoricalData={[MockFunction]}
    modalData={Array []}
    modalStage="CLOSED"
    showHistoryModal={[MockFunction]}
    startLoadingNotif={[MockFunction]}
    stopLoadingNotif={[MockFunction]}
  />,
  Symbol(enzyme.__renderer__): Object {
    "batchedUpdates": [Function],
    "getNode": [Function],
    "render": [Function],
    "simulateError": [Function],
    "simulateEvent": [Function],
    "unmount": [Function],
  },
  Symbol(enzyme.__node__): Object {
    "instance": null,
    "key": undefined,
    "nodeType": "host",
    "props": Object {
      "style": Object {
        "visibility": "hidden",
      },
    },
    "ref": null,
    "rendered": null,
    "type": "div",
  },
  Symbol(enzyme.__nodes__): Array [
    Object {
      "instance": null,
      "key": undefined,
      "nodeType": "host",
      "props": Object {
        "style": Object {
          "visibility": "hidden",
        },
      },
      "ref": null,
      "rendered": null,
      "type": "div",
    },
  ],
  Symbol(enzyme.__options__): Object {
    "adapter": ReactSixteenAdapter {
      "options": Object {
        "enableComponentDidUpdateOnSetState": true,
        "lifecycles": Object {
          "componentDidUpdate": Object {
            "onSetState": true,
          },
          "getDerivedStateFromProps": true,
          "getSnapshotBeforeUpdate": true,
          "setState": Object {
            "skipsComponentDidUpdateOnNullish": true,
          },
        },
      },
    },
  },
}
`;

exports[`BaseHistoricalGraphModal component Shown Chart Component Should match snapshot 1`] = `
ShallowWrapper {
  Symbol(enzyme.__root__): [Circular],
  Symbol(enzyme.__unrendered__): <BaseHistoricalGraphModal
    chartPoints={Object {}}
    closeHistoryModal={[MockFunction]}
    dispatchNewHistoricalData={[MockFunction]}
    modalData={Array []}
    modalStage="SHOWN"
    showHistoryModal={[MockFunction]}
    startLoadingNotif={[MockFunction]}
    stopLoadingNotif={[MockFunction]}
  />,
  Symbol(enzyme.__renderer__): Object {
    "batchedUpdates": [Function],
    "getNode": [Function],
    "render": [Function],
    "simulateError": [Function],
    "simulateEvent": [Function],
    "unmount": [Function],
  },
  Symbol(enzyme.__node__): Object {
    "instance": null,
    "key": undefined,
    "nodeType": "function",
    "props": Object {
      "children": Array [
        <Panel
          width="90%"
        >
          <IntervalButton
            color="primary"
            onClick={[Function]}
            type="oneDay"
          >
            1 Day
          </IntervalButton>
          <IntervalButton
            color="primary"
            onClick={[Function]}
            type="oneWeek"
          >
            1 Week
          </IntervalButton>
          <IntervalButton
            color="primary"
            onClick={[Function]}
            type="oneMonth"
          >
            1 Month
          </IntervalButton>
          <IntervalButton
            color="primary"
            onClick={[Function]}
            type="sixMonths"
          >
            6 Months
          </IntervalButton>
          <IntervalButton
            color="primary"
            onClick={[Function]}
          >
            All
          </IntervalButton>
        </Panel>,
        <Button
          color="primary"
          ghost={false}
          onClick={[Function]}
          size="default"
        >
          <span>
            Close
          </span>
        </Button>,
        <RoHighChart
          config={
            Object {
              "boost": Object {
                "useGPUTranslations": true,
              },
              "chart": Object {
                "type": "line",
                "zoomType": "x",
              },
              "legend": Object {
                "enabled": true,
              },
              "series": Array [],
              "subtitle": Object {
                "text": "Click and drag in the plot area to zoom in",
              },
              "title": Object {
                "text": "Historical Data View",
              },
              "xAxis": Object {
                "labels": Object {
                  "style": Object {
                    "color": "white",
                  },
                },
                "type": "datetime",
              },
              "yAxis": Object {
                "labels": Object {
                  "format": "{value}",
                  "style": Object {
                    "color": "white",
                  },
                },
                "title": Object {
                  "text": "Value",
                },
              },
            }
          }
          theme={
            Object {
              "chart": Object {
                "backgroundColor": "#2d3436",
                "borderColor": "#ffffff",
                "plotBackgroundColor": "#2d3436",
                "style": Object {
                  "color": "#dfe6e9",
                  "fontFamily": "\\"Lucida Grande\\", \\"Lucida Sans Unicode\\", Verdana, Arial, Helvetica, sans-serif",
                  "fontSize": "12px",
                },
                "type": "line",
              },
              "colors": Array [
                "#fdcb6e",
                "#ff7675",
                "#55efc4",
                "#74b9ff",
              ],
              "credits": Object {
                "enabled": false,
              },
              "exporting": Object {
                "enabled": true,
              },
              "legend": Object {
                "itemStyle": Object {
                  "color": "white",
                  "fontFamily": "\\"Lucida Grande\\", \\"Lucida Sans Unicode\\", Verdana, Arial, Helvetica, sans-serif",
                  "fontSize": "10px",
                },
              },
              "subtitle": Object {
                "style": Object {
                  "color": "#dfe6e9",
                  "fontFamily": "\\"Lucida Grande\\", \\"Lucida Sans Unicode\\", Verdana, Arial, Helvetica, sans-serif",
                  "fontSize": "18px",
                },
                "text": "",
              },
              "title": Object {
                "style": Object {
                  "color": "#dfe6e9",
                  "fontFamily": "\\"Lucida Grande\\", \\"Lucida Sans Unicode\\", Verdana, Arial, Helvetica, sans-serif",
                  "fontSize": "18px",
                },
                "text": "Categorized, four series",
              },
              "tooltip": Object {
                "shared": true,
              },
              "yAxis": Object {
                "labels": Object {},
                "title": Object {
                  "style": Object {
                    "color": "#ffffff",
                    "fontFamily": "\\"Lucida Grande\\", \\"Lucida Sans Unicode\\", Verdana, Arial, Helvetica, sans-serif",
                    "fontSize": "12px",
                    "fontStyle": "normal",
                    "fontWeight": "normal",
                  },
                },
              },
            }
          }
        />,
      ],
      "height": "auto",
      "width": "90%",
    },
    "ref": null,
    "rendered": Array [
      Object {
        "instance": null,
        "key": undefined,
        "nodeType": "function",
        "props": Object {
          "children": Array [
            <IntervalButton
              color="primary"
              onClick={[Function]}
              type="oneDay"
            >
              1 Day
            </IntervalButton>,
            <IntervalButton
              color="primary"
              onClick={[Function]}
              type="oneWeek"
            >
              1 Week
            </IntervalButton>,
            <IntervalButton
              color="primary"
              onClick={[Function]}
              type="oneMonth"
            >
              1 Month
            </IntervalButton>,
            <IntervalButton
              color="primary"
              onClick={[Function]}
              type="sixMonths"
            >
              6 Months
            </IntervalButton>,
            <IntervalButton
              color="primary"
              onClick={[Function]}
            >
              All
            </IntervalButton>,
          ],
          "width": "90%",
        },
        "ref": null,
        "rendered": Array [
          Object {
            "instance": null,
            "key": undefined,
            "nodeType": "function",
            "props": Object {
              "children": "1 Day",
              "color": "primary",
              "onClick": [Function],
              "type": "oneDay",
            },
            "ref": null,
            "rendered": "1 Day",
            "type": [Function],
          },
          Object {
            "instance": null,
            "key": undefined,
            "nodeType": "function",
            "props": Object {
              "children": "1 Week",
              "color": "primary",
              "onClick": [Function],
              "type": "oneWeek",
            },
            "ref": null,
            "rendered": "1 Week",
            "type": [Function],
          },
          Object {
            "instance": null,
            "key": undefined,
            "nodeType": "function",
            "props": Object {
              "children": "1 Month",
              "color": "primary",
              "onClick": [Function],
              "type": "oneMonth",
            },
            "ref": null,
            "rendered": "1 Month",
            "type": [Function],
          },
          Object {
            "instance": null,
            "key": undefined,
            "nodeType": "function",
            "props": Object {
              "children": "6 Months",
              "color": "primary",
              "onClick": [Function],
              "type": "sixMonths",
            },
            "ref": null,
            "rendered": "6 Months",
            "type": [Function],
          },
          Object {
            "instance": null,
            "key": undefined,
            "nodeType": "function",
            "props": Object {
              "children": "All",
              "color": "primary",
              "onClick": [Function],
            },
            "ref": null,
            "rendered": "All",
            "type": [Function],
          },
        ],
        "type": [Function],
      },
      Object {
        "instance": null,
        "key": undefined,
        "nodeType": "function",
        "props": Object {
          "children": <span>
            Close
          </span>,
          "color": "primary",
          "ghost": false,
          "onClick": [Function],
          "size": "default",
        },
        "ref": null,
        "rendered": Object {
          "instance": null,
          "key": undefined,
          "nodeType": "host",
          "props": Object {
            "children": "Close",
          },
          "ref": null,
          "rendered": "Close",
          "type": "span",
        },
        "type": [Function],
      },
      Object {
        "instance": null,
        "key": undefined,
        "nodeType": "function",
        "props": Object {
          "config": Object {
            "boost": Object {
              "useGPUTranslations": true,
            },
            "chart": Object {
              "type": "line",
              "zoomType": "x",
            },
            "legend": Object {
              "enabled": true,
            },
            "series": Array [],
            "subtitle": Object {
              "text": "Click and drag in the plot area to zoom in",
            },
            "title": Object {
              "text": "Historical Data View",
            },
            "xAxis": Object {
              "labels": Object {
                "style": Object {
                  "color": "white",
                },
              },
              "type": "datetime",
            },
            "yAxis": Object {
              "labels": Object {
                "format": "{value}",
                "style": Object {
                  "color": "white",
                },
              },
              "title": Object {
                "text": "Value",
              },
            },
          },
          "theme": Object {
            "chart": Object {
              "backgroundColor": "#2d3436",
              "borderColor": "#ffffff",
              "plotBackgroundColor": "#2d3436",
              "style": Object {
                "color": "#dfe6e9",
                "fontFamily": "\\"Lucida Grande\\", \\"Lucida Sans Unicode\\", Verdana, Arial, Helvetica, sans-serif",
                "fontSize": "12px",
              },
              "type": "line",
            },
            "colors": Array [
              "#fdcb6e",
              "#ff7675",
              "#55efc4",
              "#74b9ff",
            ],
            "credits": Object {
              "enabled": false,
            },
            "exporting": Object {
              "enabled": true,
            },
            "legend": Object {
              "itemStyle": Object {
                "color": "white",
                "fontFamily": "\\"Lucida Grande\\", \\"Lucida Sans Unicode\\", Verdana, Arial, Helvetica, sans-serif",
                "fontSize": "10px",
              },
            },
            "subtitle": Object {
              "style": Object {
                "color": "#dfe6e9",
                "fontFamily": "\\"Lucida Grande\\", \\"Lucida Sans Unicode\\", Verdana, Arial, Helvetica, sans-serif",
                "fontSize": "18px",
              },
              "text": "",
            },
            "title": Object {
              "style": Object {
                "color": "#dfe6e9",
                "fontFamily": "\\"Lucida Grande\\", \\"Lucida Sans Unicode\\", Verdana, Arial, Helvetica, sans-serif",
                "fontSize": "18px",
              },
              "text": "Categorized, four series",
            },
            "tooltip": Object {
              "shared": true,
            },
            "yAxis": Object {
              "labels": Object {},
              "title": Object {
                "style": Object {
                  "color": "#ffffff",
                  "fontFamily": "\\"Lucida Grande\\", \\"Lucida Sans Unicode\\", Verdana, Arial, Helvetica, sans-serif",
                  "fontSize": "12px",
                  "fontStyle": "normal",
                  "fontWeight": "normal",
                },
              },
            },
          },
        },
        "ref": null,
        "rendered": null,
        "type": [Function],
      },
    ],
    "type": [Function],
  },
  Symbol(enzyme.__nodes__): Array [
    Object {
      "instance": null,
      "key": undefined,
      "nodeType": "function",
      "props": Object {
        "children": Array [
          <Panel
            width="90%"
          >
            <IntervalButton
              color="primary"
              onClick={[Function]}
              type="oneDay"
            >
              1 Day
            </IntervalButton>
            <IntervalButton
              color="primary"
              onClick={[Function]}
              type="oneWeek"
            >
              1 Week
            </IntervalButton>
            <IntervalButton
              color="primary"
              onClick={[Function]}
              type="oneMonth"
            >
              1 Month
            </IntervalButton>
            <IntervalButton
              color="primary"
              onClick={[Function]}
              type="sixMonths"
            >
              6 Months
            </IntervalButton>
            <IntervalButton
              color="primary"
              onClick={[Function]}
            >
              All
            </IntervalButton>
          </Panel>,
          <Button
            color="primary"
            ghost={false}
            onClick={[Function]}
            size="default"
          >
            <span>
              Close
            </span>
          </Button>,
          <RoHighChart
            config={
              Object {
                "boost": Object {
                  "useGPUTranslations": true,
                },
                "chart": Object {
                  "type": "line",
                  "zoomType": "x",
                },
                "legend": Object {
                  "enabled": true,
                },
                "series": Array [],
                "subtitle": Object {
                  "text": "Click and drag in the plot area to zoom in",
                },
                "title": Object {
                  "text": "Historical Data View",
                },
                "xAxis": Object {
                  "labels": Object {
                    "style": Object {
                      "color": "white",
                    },
                  },
                  "type": "datetime",
                },
                "yAxis": Object {
                  "labels": Object {
                    "format": "{value}",
                    "style": Object {
                      "color": "white",
                    },
                  },
                  "title": Object {
                    "text": "Value",
                  },
                },
              }
            }
            theme={
              Object {
                "chart": Object {
                  "backgroundColor": "#2d3436",
                  "borderColor": "#ffffff",
                  "plotBackgroundColor": "#2d3436",
                  "style": Object {
                    "color": "#dfe6e9",
                    "fontFamily": "\\"Lucida Grande\\", \\"Lucida Sans Unicode\\", Verdana, Arial, Helvetica, sans-serif",
                    "fontSize": "12px",
                  },
                  "type": "line",
                },
                "colors": Array [
                  "#fdcb6e",
                  "#ff7675",
                  "#55efc4",
                  "#74b9ff",
                ],
                "credits": Object {
                  "enabled": false,
                },
                "exporting": Object {
                  "enabled": true,
                },
                "legend": Object {
                  "itemStyle": Object {
                    "color": "white",
                    "fontFamily": "\\"Lucida Grande\\", \\"Lucida Sans Unicode\\", Verdana, Arial, Helvetica, sans-serif",
                    "fontSize": "10px",
                  },
                },
                "subtitle": Object {
                  "style": Object {
                    "color": "#dfe6e9",
                    "fontFamily": "\\"Lucida Grande\\", \\"Lucida Sans Unicode\\", Verdana, Arial, Helvetica, sans-serif",
                    "fontSize": "18px",
                  },
                  "text": "",
                },
                "title": Object {
                  "style": Object {
                    "color": "#dfe6e9",
                    "fontFamily": "\\"Lucida Grande\\", \\"Lucida Sans Unicode\\", Verdana, Arial, Helvetica, sans-serif",
                    "fontSize": "18px",
                  },
                  "text": "Categorized, four series",
                },
                "tooltip": Object {
                  "shared": true,
                },
                "yAxis": Object {
                  "labels": Object {},
                  "title": Object {
                    "style": Object {
                      "color": "#ffffff",
                      "fontFamily": "\\"Lucida Grande\\", \\"Lucida Sans Unicode\\", Verdana, Arial, Helvetica, sans-serif",
                      "fontSize": "12px",
                      "fontStyle": "normal",
                      "fontWeight": "normal",
                    },
                  },
                },
              }
            }
          />,
        ],
        "height": "auto",
        "width": "90%",
      },
      "ref": null,
      "rendered": Array [
        Object {
          "instance": null,
          "key": undefined,
          "nodeType": "function",
          "props": Object {
            "children": Array [
              <IntervalButton
                color="primary"
                onClick={[Function]}
                type="oneDay"
              >
                1 Day
              </IntervalButton>,
              <IntervalButton
                color="primary"
                onClick={[Function]}
                type="oneWeek"
              >
                1 Week
              </IntervalButton>,
              <IntervalButton
                color="primary"
                onClick={[Function]}
                type="oneMonth"
              >
                1 Month
              </IntervalButton>,
              <IntervalButton
                color="primary"
                onClick={[Function]}
                type="sixMonths"
              >
                6 Months
              </IntervalButton>,
              <IntervalButton
                color="primary"
                onClick={[Function]}
              >
                All
              </IntervalButton>,
            ],
            "width": "90%",
          },
          "ref": null,
          "rendered": Array [
            Object {
              "instance": null,
              "key": undefined,
              "nodeType": "function",
              "props": Object {
                "children": "1 Day",
                "color": "primary",
                "onClick": [Function],
                "type": "oneDay",
              },
              "ref": null,
              "rendered": "1 Day",
              "type": [Function],
            },
            Object {
              "instance": null,
              "key": undefined,
              "nodeType": "function",
              "props": Object {
                "children": "1 Week",
                "color": "primary",
                "onClick": [Function],
                "type": "oneWeek",
              },
              "ref": null,
              "rendered": "1 Week",
              "type": [Function],
            },
            Object {
              "instance": null,
              "key": undefined,
              "nodeType": "function",
              "props": Object {
                "children": "1 Month",
                "color": "primary",
                "onClick": [Function],
                "type": "oneMonth",
              },
              "ref": null,
              "rendered": "1 Month",
              "type": [Function],
            },
            Object {
              "instance": null,
              "key": undefined,
              "nodeType": "function",
              "props": Object {
                "children": "6 Months",
                "color": "primary",
                "onClick": [Function],
                "type": "sixMonths",
              },
              "ref": null,
              "rendered": "6 Months",
              "type": [Function],
            },
            Object {
              "instance": null,
              "key": undefined,
              "nodeType": "function",
              "props": Object {
                "children": "All",
                "color": "primary",
                "onClick": [Function],
              },
              "ref": null,
              "rendered": "All",
              "type": [Function],
            },
          ],
          "type": [Function],
        },
        Object {
          "instance": null,
          "key": undefined,
          "nodeType": "function",
          "props": Object {
            "children": <span>
              Close
            </span>,
            "color": "primary",
            "ghost": false,
            "onClick": [Function],
            "size": "default",
          },
          "ref": null,
          "rendered": Object {
            "instance": null,
            "key": undefined,
            "nodeType": "host",
            "props": Object {
              "children": "Close",
            },
            "ref": null,
            "rendered": "Close",
            "type": "span",
          },
          "type": [Function],
        },
        Object {
          "instance": null,
          "key": undefined,
          "nodeType": "function",
          "props": Object {
            "config": Object {
              "boost": Object {
                "useGPUTranslations": true,
              },
              "chart": Object {
                "type": "line",
                "zoomType": "x",
              },
              "legend": Object {
                "enabled": true,
              },
              "series": Array [],
              "subtitle": Object {
                "text": "Click and drag in the plot area to zoom in",
              },
              "title": Object {
                "text": "Historical Data View",
              },
              "xAxis": Object {
                "labels": Object {
                  "style": Object {
                    "color": "white",
                  },
                },
                "type": "datetime",
              },
              "yAxis": Object {
                "labels": Object {
                  "format": "{value}",
                  "style": Object {
                    "color": "white",
                  },
                },
                "title": Object {
                  "text": "Value",
                },
              },
            },
            "theme": Object {
              "chart": Object {
                "backgroundColor": "#2d3436",
                "borderColor": "#ffffff",
                "plotBackgroundColor": "#2d3436",
                "style": Object {
                  "color": "#dfe6e9",
                  "fontFamily": "\\"Lucida Grande\\", \\"Lucida Sans Unicode\\", Verdana, Arial, Helvetica, sans-serif",
                  "fontSize": "12px",
                },
                "type": "line",
              },
              "colors": Array [
                "#fdcb6e",
                "#ff7675",
                "#55efc4",
                "#74b9ff",
              ],
              "credits": Object {
                "enabled": false,
              },
              "exporting": Object {
                "enabled": true,
              },
              "legend": Object {
                "itemStyle": Object {
                  "color": "white",
                  "fontFamily": "\\"Lucida Grande\\", \\"Lucida Sans Unicode\\", Verdana, Arial, Helvetica, sans-serif",
                  "fontSize": "10px",
                },
              },
              "subtitle": Object {
                "style": Object {
                  "color": "#dfe6e9",
                  "fontFamily": "\\"Lucida Grande\\", \\"Lucida Sans Unicode\\", Verdana, Arial, Helvetica, sans-serif",
                  "fontSize": "18px",
                },
                "text": "",
              },
              "title": Object {
                "style": Object {
                  "color": "#dfe6e9",
                  "fontFamily": "\\"Lucida Grande\\", \\"Lucida Sans Unicode\\", Verdana, Arial, Helvetica, sans-serif",
                  "fontSize": "18px",
                },
                "text": "Categorized, four series",
              },
              "tooltip": Object {
                "shared": true,
              },
              "yAxis": Object {
                "labels": Object {},
                "title": Object {
                  "style": Object {
                    "color": "#ffffff",
                    "fontFamily": "\\"Lucida Grande\\", \\"Lucida Sans Unicode\\", Verdana, Arial, Helvetica, sans-serif",
                    "fontSize": "12px",
                    "fontStyle": "normal",
                    "fontWeight": "normal",
                  },
                },
              },
            },
          },
          "ref": null,
          "rendered": null,
          "type": [Function],
        },
      ],
      "type": [Function],
    },
  ],
  Symbol(enzyme.__options__): Object {
    "adapter": ReactSixteenAdapter {
      "options": Object {
        "enableComponentDidUpdateOnSetState": true,
        "lifecycles": Object {
          "componentDidUpdate": Object {
            "onSetState": true,
          },
          "getDerivedStateFromProps": true,
          "getSnapshotBeforeUpdate": true,
          "setState": Object {
            "skipsComponentDidUpdateOnNullish": true,
          },
        },
      },
    },
  },
}
`;
