// Jest Snapshot v1, https://goo.gl/fbAQLP

exports[`getChartConfig should match snapshot 1`] = `
Object {
  "boost": Object {
    "useGPUTranslations": true,
  },
  "chart": Object {
    "type": "line",
    "zoomType": "x",
  },
  "legend": Object {
    "enabled": true,
  },
  "series": Array [
    Object {
      "_colorIndex": 0,
      "colorByPoint": false,
      "data": Array [
        1,
        2,
      ],
      "marker": Object {
        "enabled": false,
      },
      "name": "test (T)",
    },
    Object {
      "_colorIndex": 1,
      "colorByPoint": false,
      "data": Array [
        3,
        4,
      ],
      "marker": Object {
        "enabled": false,
      },
      "name": "test2 (T)",
    },
  ],
  "subtitle": Object {
    "text": "Click and drag in the plot area to zoom in",
  },
  "title": Object {
    "text": "Historical Data View",
  },
  "tooltip": Object {
    "dateTimeLabelFormats": Object {
      "hour": "%A, %b %e, %I %p",
      "minute": "%A, %b %e, %I:%M %p",
      "second": "%A, %b %e, %I:%M:%S %p",
    },
  },
  "xAxis": Object {
    "dateTimeLabelFormats": Object {
      "hour": "%I %p",
      "minute": "%I:%M %p",
    },
    "labels": Object {
      "style": Object {
        "color": "white",
      },
    },
    "type": "datetime",
  },
  "yAxis": Object {
    "labels": Object {
      "format": "{value}",
      "style": Object {
        "color": "white",
      },
    },
    "title": Object {
      "text": "Value",
    },
  },
}
`;
